200 OK HTTP/1.1
Accept:*/*
Content-Length:0
Server:chttp/0.0


