200 OK HTTP/1.1
Content-Length:38
Server:chttp/0.0

TRACE / HTTP/1.1
Content-Length:0


